This is a stellar author, J. Testdoc
<sp>Volume 1
Of a 3 volume set, also including: 
Test Manuscript for the Ages
Test File, the Greatest</sp>
<tp>Good Testdoc</tp>
Lorem ipsum dolor sit amet, consectetuer adipiscing elit. Maecenas porttitor congue massa. Fusce 
posuere, magna sed pulvinar ultricies, purus lectus malesuada libero, sit amet commodo magna eros 
quis urna.
Nunc viverra imperdiet enim. Fusce est. Vivamus a tellus.
Pellentesque habitant morbi tristique senectus et netus et malesuada fames ac turpis egestas. Proin 
pharetra nonummy pede. Mauris et orci.
Aenean nec lorem. In porttitor. Donec laoreet nonummy augue.
Suspendisse dui purus, scelerisque at, vulputate vitae, pretium mattis, nunc. Mauris eget neque at sem 
venenatis eleifend. Ut nonummy.
<toc>Table of Contents
1)	The beginning
2)	The middle
3)	The end</toc>
<cp>All rights reserved J. Testdoc 2021</cp>
<ch1>Chapter 1
Lorem ipsum dolor sit amet, consectetuer adipiscing elit. Maecenas porttitor congue massa. Fusce 
posuere, magna sed pulvinar ultricies, purus lectus malesuada libero, sit amet commodo magna eros 
quis urna.
Nunc viverra imperdiet enim. Fusce est. Vivamus a tellus.
Pellentesque habitant morbi tristique senectus et netus et malesuada fames ac turpis egestas. Proin 
pharetra nonummy pede. Mauris et orci.
Aenean nec lorem. In porttitor. Donec laoreet nonummy augue.
Suspendisse dui purus, scelerisque at, vulputate vitae, pretium mattis, nunc. Mauris eget neque at sem 
venenatis eleifend. Ut nonummy.
<ch2>Interlude
Lorem ipsum dolor sit amet, consectetuer adipiscing elit. Maecenas porttitor congue massa. Fusce 
posuere, magna sed pulvinar ultricies, purus lectus malesuada libero, sit amet commodo magna eros 
quis urna.
Nunc viverra imperdiet enim. Fusce est. Vivamus a tellus.
Pellentesque habitant morbi tristique senectus et netus et malesuada fames ac turpis egestas. Proin 
pharetra nonummy pede. Mauris et orci.
Aenean nec lorem. In porttitor. Donec laoreet nonummy augue.
Suspendisse dui purus, scelerisque at, vulputate vitae, pretium mattis, nunc. Mauris eget neque at sem 
venenatis eleifend. Ut nonummy.
<ch3>The last Battle
Lorem ipsum dolor sit amet, consectetuer adipiscing elit. Maecenas porttitor congue massa. Fusce 
posuere, magna sed pulvinar ultricies, purus lectus malesuada libero, sit amet commodo magna eros 
quis urna.
Nunc viverra imperdiet enim. Fusce est. Vivamus a tellus.
Pellentesque habitant morbi tristique senectus et netus et malesuada fames ac turpis egestas. Proin 
pharetra nonummy pede. Mauris et orci.
Aenean nec lorem. In porttitor. Donec laoreet nonummy augue.
Suspendisse dui purus, scelerisque at, vulputate vitae, pretium mattis, nunc. Mauris eget neque at sem 
venenatis eleifend. Ut nonummy.</ch>
These events are not real
Lorem ipsum dolor sit amet, consectetuer adipiscing elit. Maecenas porttitor congue massa. Fusce 
posuere, magna sed pulvinar ultricies, purus lectus malesuada libero, sit amet commodo magna eros 
quis urna.
Nunc viverra imperdiet enim. Fusce est. Vivamus a tellus.
Pellentesque habitant morbi tristique senectus et netus et malesuada fames ac turpis egestas. Proin 
pharetra nonummy pede. Mauris et orci.
Aenean nec lorem. In porttitor. Donec laoreet nonummy augue.
Suspendisse dui purus, scelerisque at, vulputate vitae, pretium mattis, nunc. Mauris eget neque at sem 
venenatis eleifend. Ut nonummy.
Elaborations on a Mythical World
Lorem ipsum dolor sit amet, consectetuer adipiscing elit. Maecenas porttitor congue massa. Fusce 
posuere, magna sed pulvinar ultricies, purus lectus malesuada libero, sit amet commodo magna eros 
quis urna.
Nunc viverra imperdiet enim. Fusce est. Vivamus a tellus.
Pellentesque habitant morbi tristique senectus et netus et malesuada fames ac turpis egestas. Proin 
pharetra nonummy pede. Mauris et orci.
Aenean nec lorem. In porttitor. Donec laoreet nonummy augue.
Suspendisse dui purus, scelerisque at, vulputate vitae, pretium mattis, nunc. Mauris eget neque at sem 
venenatis eleifend. Ut nonummy.
What a great author. So may books written!
